../Core/Src/main.c:118:5:main	1
../Core/Src/main.c:221:6:SystemClock_Config	3
../Core/Src/main.c:271:13:MX_ADC1_Init	3
../Core/Src/main.c:323:13:MX_I2C2_Init	4
../Core/Src/main.c:371:13:MX_I2C4_Init	4
../Core/Src/main.c:419:13:MX_SPI1_Init	1
../Core/Src/main.c:459:13:MX_SPI2_Init	2
../Core/Src/main.c:499:13:MX_TIM1_Init	4
../Core/Src/main.c:546:13:MX_UART5_Init	2
../Core/Src/main.c:581:13:MX_USART2_UART_Init	2
../Core/Src/main.c:616:13:MX_USART3_UART_Init	2
../Core/Src/main.c:651:13:MX_USB_OTG_FS_PCD_Init	2
../Core/Src/main.c:684:13:MX_DMA_Init	1
../Core/Src/main.c:727:13:MX_GPIO_Init	1
../Core/Src/main.c:799:6:StartDefaultTask	1
../Core/Src/main.c:828:5:_write	3
../Core/Src/main.c:841:6:HAL_TIM_PeriodElapsedCallback	2
../Core/Src/main.c:859:6:Error_Handler	1
