../Core/Src/main.c:124:5:main	8	static
../Core/Src/main.c:226:6:SystemClock_Config	88	static
../Core/Src/main.c:276:13:MX_ADC1_Init	24	static
../Core/Src/main.c:328:13:MX_I2C2_Init	8	static
../Core/Src/main.c:376:13:MX_I2C4_Init	8	static
../Core/Src/main.c:424:13:MX_SPI1_Init	8	static
../Core/Src/main.c:464:13:MX_SPI2_Init	8	static
../Core/Src/main.c:504:13:MX_TIM1_Init	40	static
../Core/Src/main.c:551:13:MX_UART5_Init	8	static
../Core/Src/main.c:586:13:MX_USART2_UART_Init	8	static
../Core/Src/main.c:621:13:MX_USART3_UART_Init	8	static
../Core/Src/main.c:656:13:MX_USB_OTG_FS_PCD_Init	8	static
../Core/Src/main.c:689:13:MX_DMA_Init	16	static
../Core/Src/main.c:729:13:MX_GPIO_Init	56	static
../Core/Src/main.c:801:6:StartDefaultTask	16	static
../Core/Src/main.c:820:5:_write	32	static
../Core/Src/main.c:840:6:HAL_TIM_PeriodElapsedCallback	16	static
../Core/Src/main.c:858:6:Error_Handler	4	static,ignoring_inline_asm
