../Core/Src/stm32f7xx_it.c:85:6:NMI_Handler	4	static
../Core/Src/stm32f7xx_it.c:100:6:HardFault_Handler	4	static
../Core/Src/stm32f7xx_it.c:115:6:MemManage_Handler	4	static
../Core/Src/stm32f7xx_it.c:130:6:BusFault_Handler	4	static
../Core/Src/stm32f7xx_it.c:145:6:UsageFault_Handler	4	static
../Core/Src/stm32f7xx_it.c:160:6:DebugMon_Handler	4	static
../Core/Src/stm32f7xx_it.c:180:6:DMA1_Stream0_IRQHandler	8	static
../Core/Src/stm32f7xx_it.c:194:6:DMA1_Stream2_IRQHandler	8	static
../Core/Src/stm32f7xx_it.c:208:6:DMA1_Stream3_IRQHandler	8	static
../Core/Src/stm32f7xx_it.c:222:6:DMA1_Stream4_IRQHandler	8	static
../Core/Src/stm32f7xx_it.c:236:6:DMA1_Stream5_IRQHandler	8	static
../Core/Src/stm32f7xx_it.c:250:6:DMA1_Stream6_IRQHandler	8	static
../Core/Src/stm32f7xx_it.c:264:6:TIM1_UP_TIM10_IRQHandler	8	static
../Core/Src/stm32f7xx_it.c:278:6:SPI1_IRQHandler	8	static
../Core/Src/stm32f7xx_it.c:292:6:SPI2_IRQHandler	8	static
../Core/Src/stm32f7xx_it.c:306:6:USART2_IRQHandler	8	static
../Core/Src/stm32f7xx_it.c:320:6:DMA1_Stream7_IRQHandler	8	static
../Core/Src/stm32f7xx_it.c:334:6:UART5_IRQHandler	8	static
../Core/Src/stm32f7xx_it.c:348:6:TIM6_DAC_IRQHandler	8	static
../Core/Src/stm32f7xx_it.c:362:6:DMA2_Stream0_IRQHandler	8	static
../Core/Src/stm32f7xx_it.c:376:6:DMA2_Stream3_IRQHandler	8	static
../Core/Src/stm32f7xx_it.c:390:6:ETH_IRQHandler	8	static
